// Jest Snapshot v1, https://goo.gl/fbAQLP

exports[`<ResetPassword /> component when rendering should render a component matching the snapshot 1`] = `
<WithStyles(ContentSection)>
  <WithStyles(Typography)
    align="center"
    gutterBottom={true}
    variant="display2"
  >
    Reset Password Page!
  </WithStyles(Typography)>
  <WithStyles(Typography)
    align="center"
    gutterBottom={true}
    variant="body1"
  >
    Page Under Construction.
  </WithStyles(Typography)>
</WithStyles(ContentSection)>
`;
