// Jest Snapshot v1, https://goo.gl/fbAQLP

exports[`<ContentSection /> component when rendering should render a component matching the snapshot 1`] = `
<ContentSection
  classes={
    Object {
      "paperDefault": "ContentSection-paperDefault-1 paperDefault",
    }
  }
>
  children
</ContentSection>
`;
